// Jest Snapshot v1, https://goo.gl/fbAQLP

exports[`loads a theme file 1`] = `
Object {
  "global": Object {
    "colors": Object {
      "aqua": "#7FDBFF",
      "bg_aqua": "#7FDBFF",
      "bg_black": "#111111",
      "bg_blue": "#0074D9",
      "bg_fuchsia": "#F012BE",
      "bg_gray": "#AAAAAA",
      "bg_green": "#2ECC40",
      "bg_lime": "#01FF70",
      "bg_maroon": "#85144B",
      "bg_navy": "#001F3F",
      "bg_olive": "#3D9970",
      "bg_orange": "#FF851B",
      "bg_purple": "#B10DC9",
      "bg_red": "#FF4136",
      "bg_silver": "#DDDDDD",
      "bg_teal": "#39CCCC",
      "bg_white": "#FFFFFF",
      "bg_yellow": "#FFDC00",
      "black": "#111111",
      "blue": "#0074D9",
      "border_aqua": "#7FDBFF",
      "border_black": "#111111",
      "border_blue": "#0074D9",
      "border_fuchsia": "#F012BE",
      "border_gray": "#AAAAAA",
      "border_green": "#2ECC40",
      "border_lime": "#01FF70",
      "border_maroon": "#85144B",
      "border_navy": "#001F3F",
      "border_olive": "#3D9970",
      "border_orange": "#FF851B",
      "border_purple": "#B10DC9",
      "border_red": "#FF4136",
      "border_silver": "#DDDDDD",
      "border_teal": "#39CCCC",
      "border_white": "#FFFFFF",
      "border_yellow": "#FFDC00",
      "brand": "#1b1b25",
      "fill_aqua": "#7FDBFF",
      "fill_black": "#111111",
      "fill_blue": "#0074D9",
      "fill_fuchsia": "#F012BE",
      "fill_gray": "#AAAAAA",
      "fill_green": "#2ECC40",
      "fill_lime": "#01FF70",
      "fill_maroon": "#85144B",
      "fill_navy": "#001F3F",
      "fill_olive": "#3D9970",
      "fill_orange": "#FF851B",
      "fill_purple": "#B10DC9",
      "fill_red": "#FF4136",
      "fill_silver": "#DDDDDD",
      "fill_teal": "#39CCCC",
      "fill_white": "#FFFFFF",
      "fill_yellow": "#FFDC00",
      "fuchsia": "#F012BE",
      "gray": "#AAAAAA",
      "green": "#2ECC40",
      "lime": "#01FF70",
      "maroon": "#85144B",
      "navy": "#001F3F",
      "olive": "#3D9970",
      "orange": "#FF851B",
      "purple": "#B10DC9",
      "red": "#FF4136",
      "silver": "#DDDDDD",
      "stroke_aqua": "#7FDBFF",
      "stroke_black": "#111111",
      "stroke_blue": "#0074D9",
      "stroke_fuchsia": "#F012BE",
      "stroke_gray": "#AAAAAA",
      "stroke_green": "#2ECC40",
      "stroke_lime": "#01FF70",
      "stroke_maroon": "#85144B",
      "stroke_navy": "#001F3F",
      "stroke_olive": "#3D9970",
      "stroke_orange": "#FF851B",
      "stroke_purple": "#B10DC9",
      "stroke_red": "#FF4136",
      "stroke_silver": "#DDDDDD",
      "stroke_teal": "#39CCCC",
      "stroke_white": "#FFFFFF",
      "stroke_yellow": "#FFDC00",
      "teal": "#39CCCC",
      "white": "#FFFFFF",
      "yellow": "#FFDC00",
    },
  },
}
`;
